---
source: src/middle/irgen/mod.rs
expression: llvm_ir
---
define i32 @main() {
%entry:
%alloca_2 = alloca i32
%alloca_5 = alloca i32
store i32 1, ptr %alloca_5
%alloca_7 = alloca float
store float 2, ptr %alloca_7
%alloca_9 = alloca float
%load_10 = load i32, ptr %alloca_5
%itofp_11 = sitofp i32 %load_10 to float
%load_12 = load float, ptr %alloca_7
%FAdd_13 = fadd float, %itofp_11, %load_12
store float %FAdd_13, ptr %alloca_9
%load_15 = load float, ptr %alloca_9
%fptoi_16 = fptosi float %load_15 to i32
store i32 %fptoi_16, ptr %alloca_2
br label %exit

%exit:
%load_3 = load i32, ptr %alloca_2
ret i32 %load_3


}
