---
source: src/middle/irgen/mod.rs
expression: llvm_ir
---
define i32 @main() {
%entry:
%alloca_1 = alloca i32
%call_2 = call i32 @getint()
store i32 %call_2, ptr %alloca_1
br label %cond0

%cond0:
%load_11 = load i32, ptr %alloca_1
%icmp_12 = icmp sgt i32 %load_11, 1
br i1 %icmp_12, label %alt4, label %final5

%alt4:
%load_14 = load i32, ptr %alloca_1
%icmp_15 = icmp slt i32 %load_14, 3
br label %final5

%final5:
%phi_17 = phi i1 [false, %cond0], [%icmp_15, %alt4]
br i1 %phi_17, label %then1, label %alt2

%then1:
%load_19 = load i32, ptr %alloca_1
%call_20 = call void @putint(i32 %load_19)
br label %final3

%alt2:
br label %final3

%final3:
ret i32 0


}
