---
source: src/middle/irgen/mod.rs
expression: llvm_ir
---
@x = dso_local global i32 4
@y = dso_local global i32 8
define i32 @main() {
%entry:
%load_1 = load i32, ptr @x
%load_2 = load i32, ptr @y
%Add_3 = add i32, %load_1, %load_2
store i32 %Add_3, ptr @x
%load_5 = load i32, ptr @x
ret i32 %load_5


}
