---
source: src/middle/irgen/mod.rs
expression: llvm_ir
---
define i32 @main() {
%entry:
%alloca_1 = alloca i32
store i32 1, ptr %alloca_1
%alloca_3 = alloca i32
store i32 2, ptr %alloca_3
br label %cond0

%cond0:
%load_10 = load i32, ptr %alloca_1
%load_11 = load i32, ptr %alloca_3
%icmp_12 = icmp slt i32 %load_10, %load_11
br i1 %icmp_12, label %then1, label %alt2

%then1:
store i32 3, ptr %alloca_1
br label %final3

%alt2:
store i32 4, ptr %alloca_1
br label %final3

%final3:
%load_18 = load i32, ptr %alloca_1
ret i32 %load_18


}
