---
source: src/middle/irgen/mod.rs
expression: llvm_ir
---
define i32 @main(i32 arg) {
%entry:
%alloca_1 = alloca i32
store i32 %arg, ptr %alloca_1
%load_3 = load i32, ptr %alloca_1
ret i32 %load_3


}
